127.0.0.1:6379> set name simran
OK
127.0.0.1:6379> get name
"simran"
127.0.0.1:6379> getall
(error) ERR unknown command 'getall'
127.0.0.1:6379> set age 19
OK
127.0.0.1:6379> set rollno 12345
OK
127.0.0.1:6379> del rollno
(integer) 1
127.0.0.1:6379> exist name
(error) ERR unknown command 'exist'
127.0.0.1:6379> exists name
(integer) 1
127.0.0.1:6379> exists rollno
(integer) 0
127.0.0.1:6379> keys*
(error) ERR unknown command 'keys*'
127.0.0.1:6379> keys *
1) "age"
2) "name"
127.0.0.1:6379> set rollno 2435
OK
127.0.0.1:6379> key *
(error) ERR unknown command 'key'
127.0.0.1:6379> keys *
1) "rollno"
2) "age"
3) "name"
127.0.0.1:6379> ttl name
(integer) -1
127.0.0.1:6379> ttl name
(integer) -1
127.0.0.1:6379> expire name 10
(integer) 1
127.0.0.1:6379> ttl name
(integer) 6
127.0.0.1:6379> ttl name
(integer) 3
127.0.0.1:6379> ttl name
(integer) 0
127.0.0.1:6379> settex name 10 simran
(error) ERR unknown command 'settex'
127.0.0.1:6379> setex name 10 simran
OK
127.0.0.1:6379> lpush friends jhil
(integer) 1
127.0.0.1:6379> lrange friends 0 -1
1) "jhil"
127.0.0.1:6379>
127.0.0.1:6379> sadd market "shop"
(integer) 1
127.0.0.1:6379> sadd market bazar
(integer) 1
127.0.0.1:6379> hset person name halo
(integer) 1
127.0.0.1:6379> hgetall name
(empty list or set)